Info: Starting: Create block symbol file (.bsf)
Info: qsys-generate C:\Users\Student\jsw51\350-final-project\DE2-115\DE2-115\fft.qsys --block-symbol-file --output-directory=C:\Users\Student\jsw51\350-final-project\DE2-115\DE2-115\fft --family="Cyclone IV E" --part=EP4CE115F29C7
Progress: Loading DE2-115/fft.qsys
Progress: Reading input file
Progress: Adding fft_ii_0 [altera_fft_ii 16.0]
Progress: Parameterizing module fft_ii_0
Progress: Building connections
Progress: Parameterizing connections
Progress: Validating
Progress: Done reading input file
Info: qsys-generate succeeded.
Info: Finished: Create block symbol file (.bsf)
Info: 
Info: Starting: Create HDL design files for synthesis
Info: qsys-generate C:\Users\Student\jsw51\350-final-project\DE2-115\DE2-115\fft.qsys --synthesis=VERILOG --output-directory=C:\Users\Student\jsw51\350-final-project\DE2-115\DE2-115\fft\synthesis --family="Cyclone IV E" --part=EP4CE115F29C7
Progress: Loading DE2-115/fft.qsys
Progress: Reading input file
Progress: Adding fft_ii_0 [altera_fft_ii 16.0]
Progress: Parameterizing module fft_ii_0
Progress: Building connections
Progress: Parameterizing connections
Progress: Validating
Progress: Done reading input file
Info: fft: Generating fft "fft" for QUARTUS_SYNTH
Info: fft_ii_0: --- add file: fft_fft_ii_0_1n1024cos.hex
Info: fft_ii_0: --- add file: fft_fft_ii_0_1n1024sin.hex
Info: fft_ii_0: --- add file: fft_fft_ii_0_2n1024cos.hex
Info: fft_ii_0: --- add file: fft_fft_ii_0_2n1024sin.hex
Info: fft_ii_0: --- add file: fft_fft_ii_0_3n1024cos.hex
Info: fft_ii_0: --- add file: fft_fft_ii_0_3n1024sin.hex
Info: fft_ii_0: "fft" instantiated altera_fft_ii "fft_ii_0"
Info: fft: Done "fft" with 2 modules, 108 files
Info: qsys-generate succeeded.
Info: Finished: Create HDL design files for synthesis
